{"at":"2026-07-07T15:20:08.134Z","event":"auth.seed.default-users","count":2}
{"at":"2026-07-07T15:20:35.710Z","event":"auth.login.success","userId":"usr_admin_1783437607719_baib0i","email":"admin@careersync.local","role":"admin"}
{"at":"2026-07-07T15:20:36.147Z","event":"auth.login.success","userId":"usr_hr_1783437608128_sra98i","email":"hr@test.local","role":"hr"}
{"at":"2026-07-07T15:20:49.679Z","event":"auth.login.success","userId":"usr_admin_1783437607719_baib0i","email":"admin@careersync.local","role":"admin"}
{"at":"2026-07-07T15:20:50.082Z","event":"auth.login.success","userId":"usr_hr_1783437608128_sra98i","email":"hr@test.local","role":"hr"}
{"at":"2026-07-07T15:20:50.135Z","event":"job.created","jobId":"role-secure-co-secure-hr-test-1783437650109","actor":"hr@test.local","role":"hr"}
{"at":"2026-07-07T15:21:41.081Z","event":"auth.login.success","userId":"usr_admin_1783437607719_baib0i","email":"admin@careersync.local","role":"admin"}
{"at":"2026-07-07T15:21:41.494Z","event":"auth.login.success","userId":"usr_hr_1783437608128_sra98i","email":"hr@test.local","role":"hr"}
{"at":"2026-07-07T15:21:41.532Z","event":"job.created","jobId":"role-secure-co-secure-hr-test-1783437701513","actor":"hr@test.local","role":"hr"}
{"at":"2026-07-07T15:21:41.589Z","event":"email.job-posted.failed","error":"getaddrinfo ENOTFOUND smtp.invalid"}
{"at":"2026-07-07T15:21:41.629Z","event":"job.deleted","jobId":"role-secure-co-secure-hr-test-1783437701513","actor":"admin@careersync.local","role":"admin"}
{"at":"2026-07-07T15:21:41.648Z","event":"email.job-deleted.failed","error":"getaddrinfo ENOTFOUND smtp.invalid"}
{"at":"2026-07-07T15:22:00.187Z","event":"auth.login.success","userId":"usr_hr_1783437608128_sra98i","email":"hr@test.local","role":"hr"}
{"at":"2026-07-07T15:23:28.487Z","event":"auth.login.failed","email":"vashu@gmail.com","reason":"user_not_found"}
{"at":"2026-07-07T15:24:09.933Z","event":"auth.login.failed","email":"vashu@gmail.com","reason":"user_not_found"}
{"at":"2026-07-07T15:26:17.851Z","event":"auth.seed.default-users","count":4}
{"at":"2026-07-07T15:26:58.245Z","event":"auth.login.success","userId":"usr_hr_1783437977846_353hry","email":"vashu@gmail.com","role":"hr"}
{"at":"2026-07-07T15:27:11.292Z","event":"auth.login.success","userId":"usr_admin_1783437977448_s1spcq","email":"vashutyagi839@gmail.com","role":"admin"}
{"at":"2026-07-07T15:29:16.411Z","event":"job.created","jobId":"vashu-unfiltered-fewrrfd-1783438156345","actor":"vashu@gmail.com","role":"hr"}
{"at":"2026-07-07T15:29:20.079Z","event":"email.job-posted.sent","to":"vashu@gmail.com","cc":"vashutyagi839@gmail.com"}
{"at":"2026-07-07T15:32:16.424Z","event":"auth.login.success","userId":"usr_admin_1783437977448_s1spcq","email":"vashutyagi839@gmail.com","role":"admin"}
{"at":"2026-07-07T15:32:57.625Z","event":"job.deleted","jobId":"role-secure-co-secure-hr-test-1783437650109","actor":"vashutyagi839@gmail.com","role":"admin"}
{"at":"2026-07-07T15:33:01.398Z","event":"email.job-deleted.sent","to":"vashutyagi839@gmail.com","cc":""}
{"at":"2026-07-07T15:33:09.858Z","event":"job.deleted","jobId":"vashu-unfiltered-fewrrfd-1783438156345","actor":"vashutyagi839@gmail.com","role":"admin"}
{"at":"2026-07-07T15:33:13.445Z","event":"email.job-deleted.sent","to":"vashutyagi839@gmail.com","cc":""}
{"at":"2026-07-08T17:19:13.121Z","event":"auth.seed.default-users","count":5}
